// Jest Snapshot v1, https://goo.gl/fbAQLP

exports[`Snapshot test should Item render 1`] = `
<DocumentFragment>
  <button
    class="btn"
    type="button"
  >
    Hello
  </button>
</DocumentFragment>
`;
